../Core/Src/main.c:66:5:_write	24	static
../Core/Src/main.c:84:6:HAL_ADC_ConvCpltCallback	16	static
../Core/Src/main.c:96:5:main	8	static
../Core/Src/main.c:148:6:SystemClock_Config	88	static
../Core/Src/main.c:194:13:MX_ADC1_Init	24	static
../Core/Src/main.c:246:13:MX_UART4_Init	8	static
../Core/Src/main.c:279:13:MX_UART5_Init	8	static
../Core/Src/main.c:312:13:MX_UART7_Init	8	static
../Core/Src/main.c:345:13:MX_UART8_Init	8	static
../Core/Src/main.c:376:13:MX_DMA_Init	16	static
../Core/Src/main.c:394:13:MX_GPIO_Init	56	static
../Core/Src/main.c:428:6:Error_Handler	4	static,ignoring_inline_asm
